  --- AutoReload Mode: Monitoring `content`, `theme` and `settings` for 
changes. ---
Serving site at: http://127.0.0.1:8000 - Tap CTRL-C to stop
Done: Processed 6 articles, 0 drafts, 0 hidden articles, 0 pages, 0 hidden 
pages and 0 draft pages in 0.50 seconds.
Unable to watch path 'C:\Users\aksha\OneDrive\Desktop\deepavraman.com\content\images' as it does not exist.
----------------------------------------
Exception occurred during processing of request from ('127.0.0.1', 61568)
Traceback (most recent call last):
  File "C:\Users\aksha\AppData\Roaming\uv\python\cpython-3.14-windows-x86_64-none\Lib\socketserver.py", line 318, in _handle_request_noblock
    self.process_request(request, client_address)
    ~~~~~~~~~~~~~~~~~~~~^^^^^^^^^^^^^^^^^^^^^^^^^
  File "C:\Users\aksha\AppData\Roaming\uv\python\cpython-3.14-windows-x86_64-none\Lib\socketserver.py", line 349, in process_request
    self.finish_request(request, client_address)
    ~~~~~~~~~~~~~~~~~~~^^^^^^^^^^^^^^^^^^^^^^^^^
  File "C:\Users\aksha\AppData\Roaming\uv\python\cpython-3.14-windows-x86_64-none\Lib\socketserver.py", line 362, in finish_request
    self.RequestHandlerClass(request, client_address, self)
    ~~~~~~~~~~~~~~~~~~~~~~~~^^^^^^^^^^^^^^^^^^^^^^^^^^^^^^^
  File "C:\Users\aksha\AppData\Roaming\uv\python\cpython-3.14-windows-x86_64-none\Lib\http\server.py", line 732, in __init__
    super().__init__(*args, **kwargs)
    ~~~~~~~~~~~~~~~~^^^^^^^^^^^^^^^^^
  File "C:\Users\aksha\AppData\Roaming\uv\python\cpython-3.14-windows-x86_64-none\Lib\socketserver.py", line 766, in __init__
    self.handle()
    ~~~~~~~~~~~^^
  File "C:\Users\aksha\AppData\Roaming\uv\python\cpython-3.14-windows-x86_64-none\Lib\http\server.py", line 496, in handle
    self.handle_one_request()
    ~~~~~~~~~~~~~~~~~~~~~~~^^
  File "C:\Users\aksha\AppData\Roaming\uv\python\cpython-3.14-windows-x86_64-none\Lib\http\server.py", line 484, in handle_one_request
    method()
    ~~~~~~^^
  File "C:\Users\aksha\OneDrive\Desktop\deepavraman.com\.venv\Lib\site-packages\pelican\server.py", line 96, in do_GET
    server.SimpleHTTPRequestHandler.do_GET(self)
    ~~~~~~~~~~~~~~~~~~~~~~~~~~~~~~~~~~~~~~^^^^^^
  File "C:\Users\aksha\AppData\Roaming\uv\python\cpython-3.14-windows-x86_64-none\Lib\http\server.py", line 739, in do_GET
    self.copyfile(f, self.wfile)
    ~~~~~~~~~~~~~^^^^^^^^^^^^^^^
  File "C:\Users\aksha\AppData\Roaming\uv\python\cpython-3.14-windows-x86_64-none\Lib\http\server.py", line 942, in copyfile
    shutil.copyfileobj(source, outputfile)
    ~~~~~~~~~~~~~~~~~~^^^^^^^^^^^^^^^^^^^^
  File "C:\Users\aksha\AppData\Roaming\uv\python\cpython-3.14-windows-x86_64-none\Lib\shutil.py", line 257, in copyfileobj
    fdst_write(buf)
    ~~~~~~~~~~^^^^^
  File "C:\Users\aksha\AppData\Roaming\uv\python\cpython-3.14-windows-x86_64-none\Lib\socketserver.py", line 845, in write
    self._sock.sendall(b)
    ~~~~~~~~~~~~~~~~~~^^^
ConnectionAbortedError: [WinError 10053] An established connection was aborted by the software in your host machine
----------------------------------------
----------------------------------------
Exception occurred during processing of request from ('127.0.0.1', 57290)
Traceback (most recent call last):
  File "C:\Users\aksha\AppData\Roaming\uv\python\cpython-3.14-windows-x86_64-none\Lib\socketserver.py", line 318, in _handle_request_noblock
    self.process_request(request, client_address)
    ~~~~~~~~~~~~~~~~~~~~^^^^^^^^^^^^^^^^^^^^^^^^^
  File "C:\Users\aksha\AppData\Roaming\uv\python\cpython-3.14-windows-x86_64-none\Lib\socketserver.py", line 349, in process_request
    self.finish_request(request, client_address)
    ~~~~~~~~~~~~~~~~~~~^^^^^^^^^^^^^^^^^^^^^^^^^
  File "C:\Users\aksha\AppData\Roaming\uv\python\cpython-3.14-windows-x86_64-none\Lib\socketserver.py", line 362, in finish_request
    self.RequestHandlerClass(request, client_address, self)
    ~~~~~~~~~~~~~~~~~~~~~~~~^^^^^^^^^^^^^^^^^^^^^^^^^^^^^^^
  File "C:\Users\aksha\AppData\Roaming\uv\python\cpython-3.14-windows-x86_64-none\Lib\http\server.py", line 732, in __init__
    super().__init__(*args, **kwargs)
    ~~~~~~~~~~~~~~~~^^^^^^^^^^^^^^^^^
  File "C:\Users\aksha\AppData\Roaming\uv\python\cpython-3.14-windows-x86_64-none\Lib\socketserver.py", line 766, in __init__
    self.handle()
    ~~~~~~~~~~~^^
  File "C:\Users\aksha\AppData\Roaming\uv\python\cpython-3.14-windows-x86_64-none\Lib\http\server.py", line 496, in handle
    self.handle_one_request()
    ~~~~~~~~~~~~~~~~~~~~~~~^^
  File "C:\Users\aksha\AppData\Roaming\uv\python\cpython-3.14-windows-x86_64-none\Lib\http\server.py", line 484, in handle_one_request
    method()
    ~~~~~~^^
  File "C:\Users\aksha\OneDrive\Desktop\deepavraman.com\.venv\Lib\site-packages\pelican\server.py", line 96, in do_GET
    server.SimpleHTTPRequestHandler.do_GET(self)
    ~~~~~~~~~~~~~~~~~~~~~~~~~~~~~~~~~~~~~~^^^^^^
  File "C:\Users\aksha\AppData\Roaming\uv\python\cpython-3.14-windows-x86_64-none\Lib\http\server.py", line 739, in do_GET
    self.copyfile(f, self.wfile)
    ~~~~~~~~~~~~~^^^^^^^^^^^^^^^
  File "C:\Users\aksha\AppData\Roaming\uv\python\cpython-3.14-windows-x86_64-none\Lib\http\server.py", line 942, in copyfile
    shutil.copyfileobj(source, outputfile)
    ~~~~~~~~~~~~~~~~~~^^^^^^^^^^^^^^^^^^^^
  File "C:\Users\aksha\AppData\Roaming\uv\python\cpython-3.14-windows-x86_64-none\Lib\shutil.py", line 257, in copyfileobj
    fdst_write(buf)
    ~~~~~~~~~~^^^^^
  File "C:\Users\aksha\AppData\Roaming\uv\python\cpython-3.14-windows-x86_64-none\Lib\socketserver.py", line 845, in write
    self._sock.sendall(b)
    ~~~~~~~~~~~~~~~~~~^^^
ConnectionAbortedError: [WinError 10053] An established connection was aborted by the software in your host machine
----------------------------------------
